
setting mimic to true

read gl from data/imgt
-5374774193687936374
         k_v: 75 [70-80)
         k_d: 25 [15-27)
         used  v: 3/71  d: 5/44  j: 2/5 
      true:                                                                                   GACCGGG                 GCCGCC                                                  inserts
                                                                                                     GTATTACTATGGTTCGG..............                                            [1m[91md[0m[0m [95m3[0m-[95m10[0m [93m01[0m
          ...221...TTCCAAGAACACGCTGTATCTGCAAATGAACAGCCTGAGAGCTGAGGACACGGCTGTGTATTACTGTGCGAAAGA                           ...TGCTTTTGATATCTGGGGCCAAGGG......................     [1m[91mv[0m[0m [95m3[0m-[95mnl1[0m [93m01[0m,  [1m[91mj[0m[0m [95m3[0m [93m02[0m
                   TTC[91mG[0mAAGAACACG[91mT[0mT[91mC[0mTATCTGCAAATGAACAGCCTGA[91mA[0mAG[91mT[0mTGAGGACACGGCTGTGTATTAC[7mT[m[7mG[m[7mT[mGCGAAAGAGACCG[91mA[0mGGTATTAC[91mC[0mATGG[91mG[0m[91mG[0mCGGGCCGCCTGCTT[91mC[0mTGATATC[7mT[m[7mG[m[7mG[mGGCCAAGGG                         muted: 0.08   cdr3: 57
      inferred:                                                                               GACCGAG                  CCGCC                                                  inserts
                                                                                                     GTATTACTATGGTTCGGG.............                                            [1m[91md[0m[0m [95m3[0m-[95m10[0m [93m01[0m
          ...221...TTCCAAGAACACGCTGTATCTGCAAATGAACAGCCTGAGAGCTGAGGACACGGCTGTGTATTACTGTGCGAAAGA                           ...TGCTTTTGATATCTGGGGCCAAGGG......................     [1m[91mv[0m[0m [95m3[0m-[95mnl1[0m [93m01[0m,  [1m[91mj[0m[0m [95m3[0m [93m02[0m
                   TTC[91mG[0mAAGAACACG[91mT[0mT[91mC[0mTATCTGCAAATGAACAGCCTGA[91mA[0mAG[91mT[0mTGAGGACACGGCTGTGTATTAC[7mT[m[7mG[m[7mT[mGCGAAAGAGACCGAGGTATTAC[91mC[0mATGG[91mG[0m[91mG[0mCGGGCCGCCTGCTT[91mC[0mTGATATC[7mT[m[7mG[m[7mG[mGGCCAAGGG                         muted: 0.07   cdr3: 57
-924595610905834474
         k_v: 75 [70-80)
         k_d: 25 [16-27)
         used  v: 3/76  d: 5/44  j: 2/7 
      true:                                                                                   GACCGGG                 GCCGCC                                                  inserts
                                                                                                     GTATTACTATGGTTCGG..............                                            [1m[91md[0m[0m [95m3[0m-[95m10[0m [93m01[0m
          ...221...TTCCAAGAACACGCTGTATCTGCAAATGAACAGCCTGAGAGCTGAGGACACGGCTGTGTATTACTGTGCGAAAGA                           ...TGCTTTTGATATCTGGGGCCAAGGG......................     [1m[91mv[0m[0m [95m3[0m-[95mnl1[0m [93m01[0m,  [1m[91mj[0m[0m [95m3[0m [93m02[0m
                   TTC[91mG[0mA[91mC[0mGAACAC[91mA[0mCTGTATCTGCAAATGAACAGCCTGAGA[91mA[0mCTGAGGACACGG[91mT[0mTGTGTATTAC[7mT[m[7mG[m[7mT[mGCGAAAGAGACCGGGGTATTACTATGG[91mG[0m[91mG[0mCG[91mC[0mGCCGCC[91mC[0mGCTTTTGATATC[7mT[m[7mG[m[7mG[mGGCCAAGGG                         muted: 0.07   cdr3: 57
      inferred:                                                                               GACCGGG                  CCGCCC                                                 inserts
                                                                                                     GTATTACTATGGTTCGGG.............                                            [1m[91md[0m[0m [95m3[0m-[95m10[0m [93m01[0m
          ...221...TTCCAAGAACACGCTGTATCTGCAAATGAACAGCCTGAGAGCTGAGGACACGGCTGTGTATTACTGTGCGAAAGA                           ....GCTTTTGATATCTGGGGCCAAGGG......................     [1m[91mv[0m[0m [95m3[0m-[95mnl1[0m [93m01[0m,  [1m[91mj[0m[0m [95m3[0m [93m02[0m
                   TTC[91mG[0mA[91mC[0mGAACAC[91mA[0mCTGTATCTGCAAATGAACAGCCTGAGA[91mA[0mCTGAGGACACGG[91mT[0mTGTGTATTAC[7mT[m[7mG[m[7mT[mGCGAAAGAGACCGGGGTATTACTATGG[91mG[0m[91mG[0mCG[91mC[0mGCCGCCCGCTTTTGATATC[7mT[m[7mG[m[7mG[mGGCCAAGGG                         muted: 0.06   cdr3: 57
-8652720158176972403
         k_v: 75 [70-80)
         k_d: 25 [16-27)
         used  v: 3/76  d: 5/44  j: 2/5 
      true:                                                                                   GACCGGG                 GCCGCC                                                  inserts
                                                                                                     GTATTACTATGGTTCGG..............                                            [1m[91md[0m[0m [95m3[0m-[95m10[0m [93m01[0m
          ...221...TTCCAAGAACACGCTGTATCTGCAAATGAACAGCCTGAGAGCTGAGGACACGGCTGTGTATTACTGTGCGAAAGA                           ...TGCTTTTGATATCTGGGGCCAAGGG......................     [1m[91mv[0m[0m [95m3[0m-[95mnl1[0m [93m01[0m,  [1m[91mj[0m[0m [95m3[0m [93m02[0m
                   TTCCAAGAACAC[91mA[0mCTGTATCTGCAAATGAACAGCCTGAGA[91mA[0mCTGAGGACACGGCTGT[91mC[0mTATTAC[7mT[m[7mG[m[7mT[mGCGAAAGAGACCGGGGTATTACTATGG[91mG[0m[91mG[0mCG[91mC[0mGCCGCCTGCTTTTGATATC[7mT[m[7mG[m[7mG[mGGCCAAGGG                         muted: 0.05   cdr3: 57
      inferred:                                                                               GACCGGG                  CCGCC                                                  inserts
                                                                                                     GTATTACTATGGTTCGGG.............                                            [1m[91md[0m[0m [95m3[0m-[95m10[0m [93m01[0m
          ...221...TTCCAAGAACACGCTGTATCTGCAAATGAACAGCCTGAGAGCTGAGGACACGGCTGTGTATTACTGTGCGAAAGA                           ...TGCTTTTGATATCTGGGGCCAAGGG......................     [1m[91mv[0m[0m [95m3[0m-[95mnl1[0m [93m01[0m,  [1m[91mj[0m[0m [95m3[0m [93m02[0m
                   TTCCAAGAACAC[91mA[0mCTGTATCTGCAAATGAACAGCCTGAGA[91mA[0mCTGAGGACACGGCTGT[91mC[0mTATTAC[7mT[m[7mG[m[7mT[mGCGAAAGAGACCGGGGTATTACTATGG[91mG[0m[91mG[0mCG[91mC[0mGCCGCCTGCTTTTGATATC[7mT[m[7mG[m[7mG[mGGCCAAGGG                         muted: 0.05   cdr3: 57
7720920464877731782
         k_v: 75 [70-80)
         k_d: 25 [16-27)
         used  v: 3/70  d: 5/42  j: 2/8 
      true:                                                                                   GACCGGG                 GCCGCC                                                  inserts
                                                                                                     GTATTACTATGGTTCGG..............                                            [1m[91md[0m[0m [95m3[0m-[95m10[0m [93m01[0m
          ...221...TTCCAAGAACACGCTGTATCTGCAAATGAACAGCCTGAGAGCTGAGGACACGGCTGTGTATTACTGTGCGAAAGA                           ...TGCTTTTGATATCTGGGGCCAAGGG......................     [1m[91mv[0m[0m [95m3[0m-[95mnl1[0m [93m01[0m,  [1m[91mj[0m[0m [95m3[0m [93m02[0m
                   TTCCAAGAA[91mT[0mACGCTGTATCTGCAAATGAACAGCCTGA[91mA[0mAG[91mT[0mTGAGG[91mC[0mCACGGCTGTGTATTAC[7mT[m[7mG[m[7mT[mGCGAAAGAGACCGGGGTATTACT[91mC[0mTGG[91mC[0mTCGGGCCGCC[91mC[0mGCTTTTG[91mC[0mTATC[7mT[m[7mG[m[7mG[mGGCCAAGGG                         muted: 0.06   cdr3: 57
      inferred:                                                                               GACCGGG                  CCGCCC                                                 inserts
                                                                                                     GTATTACTATGGTTCGGG.............                                            [1m[91md[0m[0m [95m3[0m-[95m10[0m [93m01[0m
          ...221...TTCCAAGAACACGCTGTATCTGCAAATGAACAGCCTGAGAGCTGAGGACACGGCTGTGTATTACTGTGCGAAAGA                           ....GCTTTTGATATCTGGGGCCAAGGG......................     [1m[91mv[0m[0m [95m3[0m-[95mnl1[0m [93m01[0m,  [1m[91mj[0m[0m [95m3[0m [93m02[0m
                   TTCCAAGAA[91mT[0mACGCTGTATCTGCAAATGAACAGCCTGA[91mA[0mAG[91mT[0mTGAGG[91mC[0mCACGGCTGTGTATTAC[7mT[m[7mG[m[7mT[mGCGAAAGAGACCGGGGTATTACT[91mC[0mTGG[91mC[0mTCGGGCCGCCCGCTTTTG[91mC[0mTATC[7mT[m[7mG[m[7mG[mGGCCAAGGG                         muted: 0.05   cdr3: 57
-8610397060618265153
         k_v: 75 [70-80)
         k_d: 25 [15-27)
         used  v: 3/80  d: 5/44  j: 2/5 
      true:                                                                                   GACCGGG                 GCCGCC                                                  inserts
                                                                                                     GTATTACTATGGTTCGG..............                                            [1m[91md[0m[0m [95m3[0m-[95m10[0m [93m01[0m
          ...221...TTCCAAGAACACGCTGTATCTGCAAATGAACAGCCTGAGAGCTGAGGACACGGCTGTGTATTACTGTGCGAAAGA                           ...TGCTTTTGATATCTGGGGCCAAGGG......................     [1m[91mv[0m[0m [95m3[0m-[95mnl1[0m [93m01[0m,  [1m[91mj[0m[0m [95m3[0m [93m02[0m
                   TT[91mG[0mCAAGAA[91mT[0mAC[91mA[0mCTGTATCTGCAAATGAACAGCCTGAGAG[91mA[0mTGAGG[91mC[0mCACGGCT[91mA[0mTGTATTAC[7mT[m[7mG[m[7mT[mGCGAAAGAGACCGGGG[91mC[0mATTACT[91mC[0mTGG[91mC[0mTCGGGCCGCCTGCTTTTG[91mC[0mTATC[7mT[m[7mG[m[7mG[mGGCCAAGGG                         muted: 0.08   cdr3: 57
      inferred:                                                                               GACCGGG                  CCGCC                                                  inserts
                                                                                                     GTATTACTATGGTTCGGG.............                                            [1m[91md[0m[0m [95m3[0m-[95m10[0m [93m01[0m
          ...221...TTCCAAGAACACGCTGTATCTGCAAATGAACAGCCTGAGAGCTGAGGACACGGCTGTGTATTACTGTGCGAAAGA                           ...TGCTTTTGATATCTGGGGCCAAGGG......................     [1m[91mv[0m[0m [95m3[0m-[95mnl1[0m [93m01[0m,  [1m[91mj[0m[0m [95m3[0m [93m02[0m
                   TT[91mG[0mCAAGAA[91mT[0mAC[91mA[0mCTGTATCTGCAAATGAACAGCCTGAGAG[91mA[0mTGAGG[91mC[0mCACGGCT[91mA[0mTGTATTAC[7mT[m[7mG[m[7mT[mGCGAAAGAGACCGGGG[91mC[0mATTACT[91mC[0mTGG[91mC[0mTCGGGCCGCCTGCTTTTG[91mC[0mTATC[7mT[m[7mG[m[7mG[mGGCCAAGGG                         muted: 0.08   cdr3: 57
3912470149417681557
      ERROR stop codon TGA at 82 in AGTAGACACGTCCAAGAACCACTTCTCCCTCAAGCTGAACTCTGTGACTGCCGCAGACACGGCCGTGTATTACTGTGCCAGATGATTCGGGGAGCTACGTCGCGATGCTTTTGATATCTGGGGCCAAGGG
       unproductive rearrangement in waterer
         k_v: 82 [77-87)
         k_d: 15 [13-19)
         used  v: 3/69  d: 5/44  j: 2/2 
      true:                                                                                          TGA        GCTACGTCGC                                                    inserts
                                                                                            ............TTCGGGGA...........                                                     [1m[91md[0m[0m [95m3[0m-[95m10[0m [93m01[0m
          ...143...AGTAGACACGTCCAAGAACCAGTTCTCCCTGAAGCTGAGCTCTGTGACTGCCGCAGACACGGCCGTGTATTACTGTGCCAGA..                  .GATGCTTTTGATATCTGGGGCCAAGGG......................     [1m[91mv[0m[0m [95m4[0m-[95m30-4[0m [93m06[0m,  [1m[91mj[0m[0m [95m3[0m [93m02[0m
                   AGTAGACACGTCCAAGAACCA[91mC[0mTTCTCCCT[91mC[0mAAGCTGA[91mA[0mCTCTGTGACTGCCGCAGACACGGCCGTGTATTAC[7mT[m[7mG[m[7mT[mGCCAGATGATTCGGGGAGCTACGTCGCGATGCTTTTGATATC[7mT[m[7mG[m[7mG[mGGCCAAGGG                         muted: 0.02   cdr3: 48
      inferred:                                                                                                     CGTCGC                                                    inserts
                                                                                            .........TGGTTCGGGGAGTTA.......                                                     [1m[91md[0m[0m [95m3[0m-[95m10[0m [93m01[0m
          ...143...AGTAGACACGTCCAAGAACCAGTTCTCCCTGAAGCTGAGCTCTGTGACTGCCGCAGACACGGCCGTGTATTACTGTGCCAGA..                  .GATGCTTTTGATATCTGGGGCCAAGGG......................     [1m[91mv[0m[0m [95m4[0m-[95m30-4[0m [93m06[0m,  [1m[91mj[0m[0m [95m3[0m [93m02[0m
                   AGTAGACACGTCCAAGAACCA[91mC[0mTTCTCCCT[91mC[0mAAGCTGA[91mA[0mCTCTGTGACTGCCGCAGACACGGCCGTGTATTAC[7mT[m[7mG[m[7mT[mGCCAGATG[91mA[0mTTCGGGGAG[91mC[0mTACGTCGCGATGCTTTTGATATC[7mT[m[7mG[m[7mG[mGGCCAAGGG                         muted: 0.04   cdr3: 48
-877551975459438202
      ERROR stop codon TGA at 82 in ACTAGACACGTCCAAGAACCAGTTCTCCCTGAAGCTGAGCTCTGTGACTGCCGCAGACACGGCCGTGTATTACTGTGCCAGATGATTCGGGGAGCTACGTCGCGATGCTTTTGATATCTGGGGCCAAGGG
       unproductive rearrangement in waterer
         k_v: 82 [77-87)
         k_d: 15 [13-19)
         used  v: 3/68  d: 5/44  j: 2/2 
      true:                                                                                          TGA        GCTACGTCGC                                                    inserts
                                                                                            ............TTCGGGGA...........                                                     [1m[91md[0m[0m [95m3[0m-[95m10[0m [93m01[0m
          ...143...AGTAGACACGTCCAAGAACCAGTTCTCCCTGAAGCTGAGCTCTGTGACTGCCGCAGACACGGCCGTGTATTACTGTGCCAGA..                  .GATGCTTTTGATATCTGGGGCCAAGGG......................     [1m[91mv[0m[0m [95m4[0m-[95m30-4[0m [93m06[0m,  [1m[91mj[0m[0m [95m3[0m [93m02[0m
                   A[91mC[0mTAGACACGTCCAAGAACCAGTTCTCCCTGAAGCTGAGCTCTGTGACTGCCGCAGACACGGCCGTGTATTAC[7mT[m[7mG[m[7mT[mGCCAGATGATTCGGGGAGCTACGTCGCGATGCTTTTGATATC[7mT[m[7mG[m[7mG[mGGCCAAGGG                         muted: 0.01   cdr3: 48
      inferred:                                                                                                     CGTCGC                                                    inserts
                                                                                            .........TGGTTCGGGGAGTTA.......                                                     [1m[91md[0m[0m [95m3[0m-[95m10[0m [93m01[0m
          ...143...AGTAGACACGTCCAAGAACCAGTTCTCCCTGAAGCTGAGCTCTGTGACTGCCGCAGACACGGCCGTGTATTACTGTGCCAGA..                  .GATGCTTTTGATATCTGGGGCCAAGGG......................     [1m[91mv[0m[0m [95m4[0m-[95m30-4[0m [93m06[0m,  [1m[91mj[0m[0m [95m3[0m [93m02[0m
                   A[91mC[0mTAGACACGTCCAAGAACCAGTTCTCCCTGAAGCTGAGCTCTGTGACTGCCGCAGACACGGCCGTGTATTAC[7mT[m[7mG[m[7mT[mGCCAGATG[91mA[0mTTCGGGGAG[91mC[0mTACGTCGCGATGCTTTTGATATC[7mT[m[7mG[m[7mG[mGGCCAAGGG                         muted: 0.02   cdr3: 48
-3990649547931545794
      ERROR stop codon TGA at 82 in AGTAGACACGTCCAAAAACCAGTTCTCCCTGAAGCTGAGCTCTGTGACTGGCGCAGACACGGCGGTGTATTACTGTGCCAGATGATTCGGGGAGCTACGTCGCGATGCTTTTGATATCTGGGGCCGAGGG
       unproductive rearrangement in waterer
         k_v: 82 [77-87)
         k_d: 15 [13-19)
         used  v: 3/68  d: 5/44  j: 2/2 
      true:                                                                                          TGA        GCTACGTCGC                                                    inserts
                                                                                            ............TTCGGGGA...........                                                     [1m[91md[0m[0m [95m3[0m-[95m10[0m [93m01[0m
          ...143...AGTAGACACGTCCAAGAACCAGTTCTCCCTGAAGCTGAGCTCTGTGACTGCCGCAGACACGGCCGTGTATTACTGTGCCAGA..                  .GATGCTTTTGATATCTGGGGCCAAGGG......................     [1m[91mv[0m[0m [95m4[0m-[95m30-4[0m [93m06[0m,  [1m[91mj[0m[0m [95m3[0m [93m02[0m
                   AGTAGACACGTCCAA[91mA[0mAACCAGTTCTCCCTGAAGCTGAGCTCTGTGACTG[91mG[0mCGCAGACACGGC[91mG[0mGTGTATTAC[7mT[m[7mG[m[7mT[mGCCAGATGATTCGGGGAGCTACGTCGCGATGCTTTTGATATC[7mT[m[7mG[m[7mG[mGGCC[91mG[0mAGGG                         muted: 0.03   cdr3: 48
      inferred:                                                                                                     CGTCGC                                                    inserts
                                                                                            .........TGGTTCGGGGAGTTA.......                                                     [1m[91md[0m[0m [95m3[0m-[95m10[0m [93m01[0m
          ...143...AGTAGACACGTCCAAGAACCAGTTCTCCCTGAAGCTGAGCTCTGTGACTGCCGCAGACACGGCCGTGTATTACTGTGCCAGA..                  .GATGCTTTTGATATCTGGGGCCAAGGG......................     [1m[91mv[0m[0m [95m4[0m-[95m30-4[0m [93m06[0m,  [1m[91mj[0m[0m [95m3[0m [93m02[0m
                   AGTAGACACGTCCAA[91mA[0mAACCAGTTCTCCCTGAAGCTGAGCTCTGTGACTG[91mG[0mCGCAGACACGGC[91mG[0mGTGTATTAC[7mT[m[7mG[m[7mT[mGCCAGATG[91mA[0mTTCGGGGAG[91mC[0mTACGTCGCGATGCTTTTGATATC[7mT[m[7mG[m[7mG[mGGCC[91mG[0mAGGG                         muted: 0.05   cdr3: 48
  processed 8 queries
    sw time: 0.781
hamming clustering
    ?? lines (no preclustering)
   3912470149417681557    -877551975459438202      0.031   1    new cluster 3912470149417681557    adding -877551975459438202 to 0
   -924595610905834474   -8652720158176972403      0.038   1    new cluster -924595610905834474    adding -8652720158176972403 to 1
   -877551975459438202   -3990649547931545794      0.038   1    adding -3990649547931545794 to 0
   7720920464877731782   -8610397060618265153      0.054   1    new cluster 7720920464877731782    adding -8610397060618265153 to 2
   3912470149417681557   -3990649547931545794      0.054   1     already together
  -5374774193687936374   -8652720158176972403      0.092   1    adding -5374774193687936374 to 1
  -5374774193687936374    -924595610905834474      0.100   1     already together
  -5374774193687936374    7720920464877731782      0.100   1     merging 1 and 2
  -8652720158176972403    7720920464877731782      0.100   1     already together
  -8652720158176972403   -8610397060618265153      0.100   1     already together
   -924595610905834474    7720920464877731782      0.108   1     already together
   -924595610905834474   -8610397060618265153      0.123   1     already together
  -5374774193687936374   -8610397060618265153      0.138   1     already together
  -8652720158176972403    -877551975459438202      0.562   0    removing link
   7720920464877731782    3912470149417681557      0.562   0    removing link
  -8610397060618265153    -877551975459438202      0.562   0    removing link
  -8652720158176972403    3912470149417681557      0.569   0    removing link
   7720920464877731782    -877551975459438202      0.569   0    removing link
  -8610397060618265153    3912470149417681557      0.569   0    removing link
  -5374774193687936374    3912470149417681557      0.592   0    removing link
   -924595610905834474    -877551975459438202      0.592   0    removing link
  -8652720158176972403   -3990649547931545794      0.592   0    removing link
  -8610397060618265153   -3990649547931545794      0.592   0    removing link
  -5374774193687936374    -877551975459438202      0.600   0    removing link
   -924595610905834474    3912470149417681557      0.600   0    removing link
   7720920464877731782   -3990649547931545794      0.600   0    removing link
  -5374774193687936374   -3990649547931545794      0.623   0    removing link
   -924595610905834474   -3990649547931545794      0.623   0    removing link
  2 clusters:
   -877551975459438202 3912470149417681557 -3990649547931545794
   7720920464877731782 -5374774193687936374 -8652720158176972403 -924595610905834474 -8610397060618265153

    hamming time: 0.002

hmm
    writing input
    13 lines (15 preclustered out, 0 removable links, 0 singletons, 0 previously preclustered)
    not found in test/regression/parameters/simu/hmm, i.e. were never the best sw match for any query, so removing from consideration for hmm:
      v:   [1m[91mv[0m[0m [95m4[0m-[95m30-4[0m [93m05[0m   [1m[91mv[0m[0m [95m4[0m-[95m30-4[0m [93m01[0m   [1m[91mv[0m[0m [95m3[0m-[95m30[0m [93m18[0m   [1m[91mv[0m[0m [95m3[0m-[95m30-3[0m [93m02[0m
      d:   [1m[91md[0m[0m [95m6[0m-[95m25[0m [93m01[0m   [1m[91md[0m[0m [95m4/or15[0m-[95m4a[0m [93m01[0m   [1m[91md[0m[0m [95m4/or15[0m-[95m4b[0m [93m01[0m
      j: 
        input write time: 0.034
    running
  ---------
       ----
         -109.098   70-79   15-26    -5374774193687936374 -924595610905834474
          -73.850   70-79   15-26    -5374774193687936374
          -68.033   70-79   15-26    -924595610905834474
     32.785 =     -109.10 -   -73.85 -   -68.03
  ---------
       ----
          -98.980   70-79   15-26    -5374774193687936374 -8652720158176972403
          -73.850   70-79   15-26    -5374774193687936374
          -60.608   70-79   15-26    -8652720158176972403
     35.478 =      -98.98 -   -73.85 -   -60.61
  ---------
       ----
         -113.822   70-79   15-26    -5374774193687936374 7720920464877731782
          -73.850   70-79   15-26    -5374774193687936374
          -68.251   70-79   15-26    7720920464877731782
     28.279 =     -113.82 -   -73.85 -   -68.25
  ---------
       ----
         -115.565   70-79   15-26    -5374774193687936374 -8610397060618265153
          -73.850   70-79   15-26    -5374774193687936374
          -72.410   70-79   15-26    -8610397060618265153
     30.694 =     -115.57 -   -73.85 -   -72.41
  ---------
       ----
          -89.379   70-79   16-26    -924595610905834474 -8652720158176972403
          -68.039   70-79   16-26    -924595610905834474
          -60.614   70-79   16-26    -8652720158176972403
     39.275 =      -89.38 -   -68.04 -   -60.61
  ---------
       ----
         -104.346   70-79   16-26    -924595610905834474 7720920464877731782
          -68.039   70-79   16-26    -924595610905834474
          -68.251   70-79   16-26    7720920464877731782
     31.944 =     -104.35 -   -68.04 -   -68.25
  ---------
       ----
         -112.352   70-79   15-26    -924595610905834474 -8610397060618265153
          -68.035   70-79   15-26    -924595610905834474
          -72.410   70-79   15-26    -8610397060618265153
     28.093 =     -112.35 -   -68.04 -   -72.41
  ---------
       ----
         -100.489   70-79   16-26    -8652720158176972403 7720920464877731782
          -60.614   70-79   16-26    -8652720158176972403
          -68.251   70-79   16-26    7720920464877731782
     28.377 =     -100.49 -   -60.61 -   -68.25
  ---------
       ----
         -102.233   70-79   15-26    -8652720158176972403 -8610397060618265153
          -60.610   70-79   15-26    -8652720158176972403
          -72.410   70-79   15-26    -8610397060618265153
     30.787 =     -102.23 -   -60.61 -   -72.41
  ---------
       ----
         -108.217   70-79   15-26    7720920464877731782 -8610397060618265153
          -68.251   70-79   15-26    7720920464877731782
          -72.410   70-79   15-26    -8610397060618265153
     32.444 =     -108.22 -   -68.25 -   -72.41
  ---------
       ----
          -77.054   77-86   13-18    3912470149417681557 -877551975459438202
          -55.729   77-86   13-18    3912470149417681557
          -50.892   77-86   13-18    -877551975459438202
     29.567 =      -77.05 -   -55.73 -   -50.89
  ---------
       ----
          -85.119   77-86   13-18    3912470149417681557 -3990649547931545794
          -55.729   77-86   13-18    3912470149417681557
          -58.957   77-86   13-18    -3990649547931545794
     29.567 =      -85.12 -   -55.73 -   -58.96
  ---------
       ----
          -80.283   77-86   13-18    -877551975459438202 -3990649547931545794
          -50.892   77-86   13-18    -877551975459438202
          -58.957   77-86   13-18    -3990649547931545794
     29.567 =      -80.28 -   -50.89 -   -58.96
      hmm run time: 2.050
    read output
  processed 13 queries
hmm clusters
   -924595610905834474   -8610397060618265153     28.093   1    new cluster -924595610905834474    adding -8610397060618265153 to 0
  -5374774193687936374    7720920464877731782     28.279   1    new cluster -5374774193687936374    adding 7720920464877731782 to 1
  -8652720158176972403    7720920464877731782     28.377   1    adding -8652720158176972403 to 1
   3912470149417681557   -3990649547931545794     29.567   1    new cluster 3912470149417681557    adding -3990649547931545794 to 2
   -877551975459438202   -3990649547931545794     29.567   1    adding -877551975459438202 to 2
   3912470149417681557    -877551975459438202     29.567   1     already together
  -5374774193687936374   -8610397060618265153     30.694   1     merging 1 and 0
  -8652720158176972403   -8610397060618265153     30.787   1     already together
   -924595610905834474    7720920464877731782     31.944   1     already together
   7720920464877731782   -8610397060618265153     32.444   1     already together
  -5374774193687936374    -924595610905834474     32.785   1     already together
  -5374774193687936374   -8652720158176972403     35.478   1     already together
   -924595610905834474   -8652720158176972403     39.275   1     already together
WARNING no values for diff_pairscores in make_hist
  2 clusters:
   7720920464877731782 -5374774193687936374 -8652720158176972403 -924595610905834474 -8610397060618265153
   -877551975459438202 3912470149417681557 -3990649547931545794


k-hmm
    writing input
    not found in test/regression/parameters/simu/hmm, i.e. were never the best sw match for any query, so removing from consideration for hmm:
      v:   [1m[91mv[0m[0m [95m4[0m-[95m30-4[0m [93m05[0m   [1m[91mv[0m[0m [95m4[0m-[95m30-4[0m [93m01[0m   [1m[91mv[0m[0m [95m3[0m-[95m30[0m [93m18[0m   [1m[91mv[0m[0m [95m3[0m-[95m30-3[0m [93m02[0m
      d:   [1m[91md[0m[0m [95m4/or15[0m-[95m4b[0m [93m01[0m   [1m[91md[0m[0m [95m4/or15[0m-[95m4a[0m [93m01[0m   [1m[91md[0m[0m [95m6[0m-[95m25[0m [93m01[0m
      j: 
        input write time: 0.012
    running
  ---------
       ----
         -214.368   70-79   15-26    7720920464877731782 -5374774193687936374 -8652720158176972403 -924595610905834474 -8610397060618265153
          -68.251   70-79   15-26    7720920464877731782
          -73.850   70-79   15-26    -5374774193687936374
          -60.608   70-79   15-26    -8652720158176972403
          -68.033   70-79   15-26    -924595610905834474
          -72.410   70-79   15-26    -8610397060618265153
    128.784 =     -214.37 -   -68.25 -   -73.85 -   -60.61 -   -68.03 -   -72.41
  ---------
       ----
         -105.174   77-86   13-18    -877551975459438202 3912470149417681557 -3990649547931545794
          -50.892   77-86   13-18    -877551975459438202
          -55.729   77-86   13-18    3912470149417681557
          -58.957   77-86   13-18    -3990649547931545794
     60.404 =     -105.17 -   -50.89 -   -55.73 -   -58.96
      hmm run time: 1.160
    read output
  1    128.784     7720920464877731782 -5374774193687936374 -8652720158176972403  -924595610905834474 -8610397060618265153 
  1     60.404     -877551975459438202  3912470149417681557 -3990649547931545794 
  processed 2 queries
