
setting mimic to true

read gl from data/imgt
-5374774193687936374
         k_v: 75 [70-80)
         k_d: 25 [15-27)
         used  v: 3/71  d: 5/44  j: 2/5 
      true:                                                                                   GACCGGG                 GCCGCC                                                  inserts
                                                                                                     GTATTACTATGGTTCGG..............                                            [1m[91md[0m[0m [95m3[0m-[95m10[0m [93m01[0m
          ...221...TTCCAAGAACACGCTGTATCTGCAAATGAACAGCCTGAGAGCTGAGGACACGGCTGTGTATTACTGTGCGAAAGA                           ...TGCTTTTGATATCTGGGGCCAAGGG......................     [1m[91mv[0m[0m [95m3[0m-[95mnl1[0m [93m01[0m,  [1m[91mj[0m[0m [95m3[0m [93m02[0m
                   TTC[91mG[0mAAGAACACG[91mT[0mT[91mC[0mTATCTGCAAATGAACAGCCTGA[91mA[0mAG[91mT[0mTGAGGACACGGCTGTGTATTAC[7mT[m[7mG[m[7mT[mGCGAAAGAGACCG[91mA[0mGGTATTAC[91mC[0mATGG[91mG[0m[91mG[0mCGGGCCGCCTGCTT[91mC[0mTGATATC[7mT[m[7mG[m[7mG[mGGCCAAGGG                         muted: 0.08   cdr3: 57
      inferred:                                                                               GACCGAG                  CCGCC                                                  inserts
                                                                                                     GTATTACTATGGTTCGGG.............                                            [1m[91md[0m[0m [95m3[0m-[95m10[0m [93m01[0m
          ...221...TTCCAAGAACACGCTGTATCTGCAAATGAACAGCCTGAGAGCTGAGGACACGGCTGTGTATTACTGTGCGAAAGA                           ...TGCTTTTGATATCTGGGGCCAAGGG......................     [1m[91mv[0m[0m [95m3[0m-[95mnl1[0m [93m01[0m,  [1m[91mj[0m[0m [95m3[0m [93m02[0m
                   TTC[91mG[0mAAGAACACG[91mT[0mT[91mC[0mTATCTGCAAATGAACAGCCTGA[91mA[0mAG[91mT[0mTGAGGACACGGCTGTGTATTAC[7mT[m[7mG[m[7mT[mGCGAAAGAGACCGAGGTATTAC[91mC[0mATGG[91mG[0m[91mG[0mCGGGCCGCCTGCTT[91mC[0mTGATATC[7mT[m[7mG[m[7mG[mGGCCAAGGG                         muted: 0.07   cdr3: 57
  processed 1 queries
    sw time: 1.102

hmm
    writing input
    not found in test/regression/parameters/simu/hmm, i.e. were never the best sw match for any query, so removing from consideration for hmm:
      v:   [1m[91mv[0m[0m [95m3[0m-[95m30-3[0m [93m02[0m   [1m[91mv[0m[0m [95m3[0m-[95m30[0m [93m18[0m
      d: 
      j: 
        input write time: 0.007
    running
  ---------
       ----
                                -5374774193687936374   70-79   15-26    best kset:   75  19     -76.731
      hmm run time: 0.364
    read output
-5374774193687936374    0
    true:                                                                                   GACCGGG                 GCCGCC                                                  inserts
                                                                                                   GTATTACTATGGTTCGG..............                                            [1m[91md[0m[0m [95m3[0m-[95m10[0m [93m01[0m
        ...221...TTCCAAGAACACGCTGTATCTGCAAATGAACAGCCTGAGAGCTGAGGACACGGCTGTGTATTACTGTGCGAAAGA                           ...TGCTTTTGATATCTGGGGCCAAGGG......................     [1m[91mv[0m[0m [95m3[0m-[95mnl1[0m [93m01[0m,  [1m[91mj[0m[0m [95m3[0m [93m02[0m
                 TTC[91mG[0mAAGAACACG[91mT[0mT[91mC[0mTATCTGCAAATGAACAGCCTGA[91mA[0mAG[91mT[0mTGAGGACACGGCTGTGTATTAC[7mT[m[7mG[m[7mT[mGCGAAAGAGACCG[91mA[0mGGTATTAC[91mC[0mATGG[91mG[0m[91mG[0mCGGGCCGCCTGCTT[91mC[0mTGATATC[7mT[m[7mG[m[7mG[mGGCCAAGGG                         muted: 0.08   cdr3: 57
    inferred:                                                                               GACCGAG            GGCGGGCCGCC                                                  inserts
                                                                                                   GTATTACTATGG...................                                            [1m[91md[0m[0m [95m3[0m-[95m10[0m [93m01[0m
        ...221...TTCCAAGAACACGCTGTATCTGCAAATGAACAGCCTGAGAGCTGAGGACACGGCTGTGTATTACTGTGCGAAAGA                           ...TGCTTTTGATATCTGGGGCCAAGGG......................     [1m[91mv[0m[0m [95m3[0m-[95mnl1[0m [93m01[0m,  [1m[91mj[0m[0m [95m3[0m [93m02[0m
                 TTC[91mG[0mAAGAACACG[91mT[0mT[91mC[0mTATCTGCAAATGAACAGCCTGA[91mA[0mAG[91mT[0mTGAGGACACGGCTGTGTATTAC[7mT[m[7mG[m[7mT[mGCGAAAGAGACCGAGGTATTAC[91mC[0mATGGGGCGGGCCGCCTGCTT[91mC[0mTGATATC[7mT[m[7mG[m[7mG[mGGCCAAGGG                         muted: 0.05  score: -76.731   cdr3: 57
                                                                                            GACCGAG                  CCGCC                                                  inserts
                                                                                                   GTATTACTATGGTTCGGG.............                                            [1m[91md[0m[0m [95m3[0m-[95m10[0m [93m01[0m
        ...221...TTCCAAGAACACGCTGTATCTGCAAATGAACAGCCTGAGAGCTGAGGACACGGCTGTGTATTACTGTGCGAAAGA                           ...TGCTTTTGATATCTGGGGCCAAGGG......................     [1m[91mv[0m[0m [95m3[0m-[95mnl1[0m [93m01[0m,  [1m[91mj[0m[0m [95m3[0m [93m02[0m
                 TTC[91mG[0mAAGAACACG[91mT[0mT[91mC[0mTATCTGCAAATGAACAGCCTGA[91mA[0mAG[91mT[0mTGAGGACACGGCTGTGTATTAC[7mT[m[7mG[m[7mT[mGCGAAAGAGACCGAGGTATTAC[91mC[0mATGG[91mG[0m[91mG[0mCGGGCCGCCTGCTT[91mC[0mTGATATC[7mT[m[7mG[m[7mG[mGGCCAAGGG                         muted: 0.07  score: -77.5768   cdr3: 57
                                                                                            GACCGAG           GGGCGGGCCGCC                                                  inserts
                                                                                                   GTATTACTATG....................                                            [1m[91md[0m[0m [95m3[0m-[95m10[0m [93m01[0m
        ...221...TTCCAAGAACACGCTGTATCTGCAAATGAACAGCCTGAGAGCTGAGGACACGGCTGTGTATTACTGTGCGAAAGA                           ...TGCTTTTGATATCTGGGGCCAAGGG......................     [1m[91mv[0m[0m [95m3[0m-[95mnl1[0m [93m01[0m,  [1m[91mj[0m[0m [95m3[0m [93m02[0m
                 TTC[91mG[0mAAGAACACG[91mT[0mT[91mC[0mTATCTGCAAATGAACAGCCTGA[91mA[0mAG[91mT[0mTGAGGACACGGCTGTGTATTAC[7mT[m[7mG[m[7mT[mGCGAAAGAGACCGAGGTATTAC[91mC[0mATGGGGCGGGCCGCCTGCTT[91mC[0mTGATATC[7mT[m[7mG[m[7mG[mGGCCAAGGG                         muted: 0.05  score: -77.6052   cdr3: 57
  processed 1 queries
