
setting mimic to true

read gl from data/imgt
-5374774193687936374
         k_v: 75 [70-80)
         k_d: 25 [15-27)
         used  v: 3/71  d: 5/44  j: 2/5 
      true:                                                                                   GACCGGG                 GCCGCC                                                  inserts
                                                                                                     GTATTACTATGGTTCGG..............                                            [1m[91md[0m[0m [95m3[0m-[95m10[0m [93m01[0m
          ...221...TTCCAAGAACACGCTGTATCTGCAAATGAACAGCCTGAGAGCTGAGGACACGGCTGTGTATTACTGTGCGAAAGA                           ...TGCTTTTGATATCTGGGGCCAAGGG......................     [1m[91mv[0m[0m [95m3[0m-[95mnl1[0m [93m01[0m,  [1m[91mj[0m[0m [95m3[0m [93m02[0m
                   TTC[91mG[0mAAGAACACG[91mT[0mT[91mC[0mTATCTGCAAATGAACAGCCTGA[91mA[0mAG[91mT[0mTGAGGACACGGCTGTGTATTAC[7mT[m[7mG[m[7mT[mGCGAAAGAGACCG[91mA[0mGGTATTAC[91mC[0mATGG[91mG[0m[91mG[0mCGGGCCGCCTGCTT[91mC[0mTGATATC[7mT[m[7mG[m[7mG[mGGCCAAGGG                         muted: 0.08   cdr3: 57
      inferred:                                                                               GACCGAG                  CCGCC                                                  inserts
                                                                                                     GTATTACTATGGTTCGGG.............                                            [1m[91md[0m[0m [95m3[0m-[95m10[0m [93m01[0m
          ...221...TTCCAAGAACACGCTGTATCTGCAAATGAACAGCCTGAGAGCTGAGGACACGGCTGTGTATTACTGTGCGAAAGA                           ...TGCTTTTGATATCTGGGGCCAAGGG......................     [1m[91mv[0m[0m [95m3[0m-[95mnl1[0m [93m01[0m,  [1m[91mj[0m[0m [95m3[0m [93m02[0m
                   TTC[91mG[0mAAGAACACG[91mT[0mT[91mC[0mTATCTGCAAATGAACAGCCTGA[91mA[0mAG[91mT[0mTGAGGACACGGCTGTGTATTAC[7mT[m[7mG[m[7mT[mGCGAAAGAGACCGAGGTATTAC[91mC[0mATGG[91mG[0m[91mG[0mCGGGCCGCCTGCTT[91mC[0mTGATATC[7mT[m[7mG[m[7mG[mGGCCAAGGG                         muted: 0.07   cdr3: 57
-924595610905834474
         k_v: 75 [70-80)
         k_d: 25 [16-27)
         used  v: 3/76  d: 5/44  j: 2/7 
      true:                                                                                   GACCGGG                 GCCGCC                                                  inserts
                                                                                                     GTATTACTATGGTTCGG..............                                            [1m[91md[0m[0m [95m3[0m-[95m10[0m [93m01[0m
          ...221...TTCCAAGAACACGCTGTATCTGCAAATGAACAGCCTGAGAGCTGAGGACACGGCTGTGTATTACTGTGCGAAAGA                           ...TGCTTTTGATATCTGGGGCCAAGGG......................     [1m[91mv[0m[0m [95m3[0m-[95mnl1[0m [93m01[0m,  [1m[91mj[0m[0m [95m3[0m [93m02[0m
                   TTC[91mG[0mA[91mC[0mGAACAC[91mA[0mCTGTATCTGCAAATGAACAGCCTGAGA[91mA[0mCTGAGGACACGG[91mT[0mTGTGTATTAC[7mT[m[7mG[m[7mT[mGCGAAAGAGACCGGGGTATTACTATGG[91mG[0m[91mG[0mCG[91mC[0mGCCGCC[91mC[0mGCTTTTGATATC[7mT[m[7mG[m[7mG[mGGCCAAGGG                         muted: 0.07   cdr3: 57
      inferred:                                                                               GACCGGG                  CCGCCC                                                 inserts
                                                                                                     GTATTACTATGGTTCGGG.............                                            [1m[91md[0m[0m [95m3[0m-[95m10[0m [93m01[0m
          ...221...TTCCAAGAACACGCTGTATCTGCAAATGAACAGCCTGAGAGCTGAGGACACGGCTGTGTATTACTGTGCGAAAGA                           ....GCTTTTGATATCTGGGGCCAAGGG......................     [1m[91mv[0m[0m [95m3[0m-[95mnl1[0m [93m01[0m,  [1m[91mj[0m[0m [95m3[0m [93m02[0m
                   TTC[91mG[0mA[91mC[0mGAACAC[91mA[0mCTGTATCTGCAAATGAACAGCCTGAGA[91mA[0mCTGAGGACACGG[91mT[0mTGTGTATTAC[7mT[m[7mG[m[7mT[mGCGAAAGAGACCGGGGTATTACTATGG[91mG[0m[91mG[0mCG[91mC[0mGCCGCCCGCTTTTGATATC[7mT[m[7mG[m[7mG[mGGCCAAGGG                         muted: 0.06   cdr3: 57
-8652720158176972403
         k_v: 75 [70-80)
         k_d: 25 [16-27)
         used  v: 3/76  d: 5/44  j: 2/5 
      true:                                                                                   GACCGGG                 GCCGCC                                                  inserts
                                                                                                     GTATTACTATGGTTCGG..............                                            [1m[91md[0m[0m [95m3[0m-[95m10[0m [93m01[0m
          ...221...TTCCAAGAACACGCTGTATCTGCAAATGAACAGCCTGAGAGCTGAGGACACGGCTGTGTATTACTGTGCGAAAGA                           ...TGCTTTTGATATCTGGGGCCAAGGG......................     [1m[91mv[0m[0m [95m3[0m-[95mnl1[0m [93m01[0m,  [1m[91mj[0m[0m [95m3[0m [93m02[0m
                   TTCCAAGAACAC[91mA[0mCTGTATCTGCAAATGAACAGCCTGAGA[91mA[0mCTGAGGACACGGCTGT[91mC[0mTATTAC[7mT[m[7mG[m[7mT[mGCGAAAGAGACCGGGGTATTACTATGG[91mG[0m[91mG[0mCG[91mC[0mGCCGCCTGCTTTTGATATC[7mT[m[7mG[m[7mG[mGGCCAAGGG                         muted: 0.05   cdr3: 57
      inferred:                                                                               GACCGGG                  CCGCC                                                  inserts
                                                                                                     GTATTACTATGGTTCGGG.............                                            [1m[91md[0m[0m [95m3[0m-[95m10[0m [93m01[0m
          ...221...TTCCAAGAACACGCTGTATCTGCAAATGAACAGCCTGAGAGCTGAGGACACGGCTGTGTATTACTGTGCGAAAGA                           ...TGCTTTTGATATCTGGGGCCAAGGG......................     [1m[91mv[0m[0m [95m3[0m-[95mnl1[0m [93m01[0m,  [1m[91mj[0m[0m [95m3[0m [93m02[0m
                   TTCCAAGAACAC[91mA[0mCTGTATCTGCAAATGAACAGCCTGAGA[91mA[0mCTGAGGACACGGCTGT[91mC[0mTATTAC[7mT[m[7mG[m[7mT[mGCGAAAGAGACCGGGGTATTACTATGG[91mG[0m[91mG[0mCG[91mC[0mGCCGCCTGCTTTTGATATC[7mT[m[7mG[m[7mG[mGGCCAAGGG                         muted: 0.05   cdr3: 57
  processed 3 queries
    sw time: 0.601

hmm
    writing input
    not found in test/regression/parameters/simu/hmm, i.e. were never the best sw match for any query, so removing from consideration for hmm:
      v:   [1m[91mv[0m[0m [95m3[0m-[95m30-3[0m [93m02[0m   [1m[91mv[0m[0m [95m3[0m-[95m30[0m [93m18[0m
      d:   [1m[91md[0m[0m [95m4/or15[0m-[95m4b[0m [93m01[0m   [1m[91md[0m[0m [95m4/or15[0m-[95m4a[0m [93m01[0m
      j: 
        input write time: 0.008
    running
  ---------
       ----
            -5374774193687936374 -924595610905834474   70-79   15-26    best kset:   75  19    -111.498
  ---------
       ----
           -5374774193687936374 -8652720158176972403   70-79   15-26    best kset:   75  19    -101.281
  ---------
       ----
            -924595610905834474 -8652720158176972403   70-79   16-26    best kset:   75  19    -90.6053
      hmm run time: 0.512
    read output
-5374774193687936374  -924595610905834474    1
    true:                                                                                   GACCGGG                 GCCGCC                                                  inserts
                                                                                                   GTATTACTATGGTTCGG..............                                            [1m[91md[0m[0m [95m3[0m-[95m10[0m [93m01[0m
        ...221...TTCCAAGAACACGCTGTATCTGCAAATGAACAGCCTGAGAGCTGAGGACACGGCTGTGTATTACTGTGCGAAAGA                           ...TGCTTTTGATATCTGGGGCCAAGGG......................     [1m[91mv[0m[0m [95m3[0m-[95mnl1[0m [93m01[0m,  [1m[91mj[0m[0m [95m3[0m [93m02[0m
                 TTC[91mG[0mAAGAACACG[91mT[0mT[91mC[0mTATCTGCAAATGAACAGCCTGA[91mA[0mAG[91mT[0mTGAGGACACGGCTGTGTATTAC[7mT[m[7mG[m[7mT[mGCGAAAGAGACCG[91mA[0mGGTATTAC[91mC[0mATGG[91mG[0m[91mG[0mCGGGCCGCCTGCTT[91mC[0mTGATATC[7mT[m[7mG[m[7mG[mGGCCAAGGG                         muted: 0.08   cdr3: 57
                 TTC[91mG[0mA[91mC[0mGAACAC[91mA[0mCTGTATCTGCAAATGAACAGCCTGAGA[91mA[0mCTGAGGACACGG[91mT[0mTGTGTATTAC[7mT[m[7mG[m[7mT[mGCGAAAGAGACCGGGGTATTACTATGG[91mG[0m[91mG[0mCG[91mC[0mGCCGCC[91mC[0mGCTTTTGATATC[7mT[m[7mG[m[7mG[mGGCCAAGGG                         muted: 0.07   cdr3: 57
    inferred:                                                                               GACCGAG            GGCGGGCCGCC                                                  inserts
                                                                                                   GTATTACTATGG...................                                            [1m[91md[0m[0m [95m3[0m-[95m10[0m [93m01[0m
        ...221...TTCCAAGAACACGCTGTATCTGCAAATGAACAGCCTGAGAGCTGAGGACACGGCTGTGTATTACTGTGCGAAAGA                           ...TGCTTTTGATATCTGGGGCCAAGGG......................     [1m[91mv[0m[0m [95m3[0m-[95mnl1[0m [93m01[0m,  [1m[91mj[0m[0m [95m3[0m [93m02[0m
                 TTC[91mG[0mAAGAACACG[91mT[0mT[91mC[0mTATCTGCAAATGAACAGCCTGA[91mA[0mAG[91mT[0mTGAGGACACGGCTGTGTATTAC[7mT[m[7mG[m[7mT[mGCGAAAGAGACCGAGGTATTAC[91mC[0mATGGGGCGGGCCGCCTGCTT[91mC[0mTGATATC[7mT[m[7mG[m[7mG[mGGCCAAGGG                         muted: 0.05  score: -111.498   cdr3: 57
                 TTC[91mG[0mA[91mC[0mGAACAC[91mA[0mCTGTATCTGCAAATGAACAGCCTGAGA[91mA[0mCTGAGGACACGG[91mT[0mTGTGTATTAC[7mT[m[7mG[m[7mT[mGCGAAAGAGACCG[91mG[0mGGTATTACTATGGGGCG[91mC[0mGCCGCC[91mC[0mGCTTTTGATATC[7mT[m[7mG[m[7mG[mGGCCAAGGG                         muted: 0.06  score: -111.498   cdr3: 57
                                                                                            GACCGAG           GGGCGGGCCGCC                                                  inserts
                                                                                                   GTATTACTATG....................                                            [1m[91md[0m[0m [95m3[0m-[95m10[0m [93m01[0m
        ...221...TTCCAAGAACACGCTGTATCTGCAAATGAACAGCCTGAGAGCTGAGGACACGGCTGTGTATTACTGTGCGAAAGA                           ...TGCTTTTGATATCTGGGGCCAAGGG......................     [1m[91mv[0m[0m [95m3[0m-[95mnl1[0m [93m01[0m,  [1m[91mj[0m[0m [95m3[0m [93m02[0m
                 TTC[91mG[0mAAGAACACG[91mT[0mT[91mC[0mTATCTGCAAATGAACAGCCTGA[91mA[0mAG[91mT[0mTGAGGACACGGCTGTGTATTAC[7mT[m[7mG[m[7mT[mGCGAAAGAGACCGAGGTATTAC[91mC[0mATGGGGCGGGCCGCCTGCTT[91mC[0mTGATATC[7mT[m[7mG[m[7mG[mGGCCAAGGG                         muted: 0.05  score: -112.13   cdr3: 57
                 TTC[91mG[0mA[91mC[0mGAACAC[91mA[0mCTGTATCTGCAAATGAACAGCCTGAGA[91mA[0mCTGAGGACACGG[91mT[0mTGTGTATTAC[7mT[m[7mG[m[7mT[mGCGAAAGAGACCG[91mG[0mGGTATTACTATGGGGCG[91mC[0mGCCGCC[91mC[0mGCTTTTGATATC[7mT[m[7mG[m[7mG[mGGCCAAGGG                         muted: 0.06  score: -112.13   cdr3: 57
                                                                                            GACCGAG          GGGGCGGGCCGCC                                                  inserts
                                                                                                   GTATTACTAT.....................                                            [1m[91md[0m[0m [95m3[0m-[95m10[0m [93m01[0m
        ...221...TTCCAAGAACACGCTGTATCTGCAAATGAACAGCCTGAGAGCTGAGGACACGGCTGTGTATTACTGTGCGAAAGA                           ...TGCTTTTGATATCTGGGGCCAAGGG......................     [1m[91mv[0m[0m [95m3[0m-[95mnl1[0m [93m01[0m,  [1m[91mj[0m[0m [95m3[0m [93m02[0m
                 TTC[91mG[0mAAGAACACG[91mT[0mT[91mC[0mTATCTGCAAATGAACAGCCTGA[91mA[0mAG[91mT[0mTGAGGACACGGCTGTGTATTAC[7mT[m[7mG[m[7mT[mGCGAAAGAGACCGAGGTATTAC[91mC[0mATGGGGCGGGCCGCCTGCTT[91mC[0mTGATATC[7mT[m[7mG[m[7mG[mGGCCAAGGG                         muted: 0.05  score: -112.785   cdr3: 57
                 TTC[91mG[0mA[91mC[0mGAACAC[91mA[0mCTGTATCTGCAAATGAACAGCCTGAGA[91mA[0mCTGAGGACACGG[91mT[0mTGTGTATTAC[7mT[m[7mG[m[7mT[mGCGAAAGAGACCG[91mG[0mGGTATTACTATGGGGCG[91mC[0mGCCGCC[91mC[0mGCTTTTGATATC[7mT[m[7mG[m[7mG[mGGCCAAGGG                         muted: 0.06  score: -112.785   cdr3: 57
-5374774193687936374 -8652720158176972403    1
    true:                                                                                   GACCGGG                 GCCGCC                                                  inserts
                                                                                                   GTATTACTATGGTTCGG..............                                            [1m[91md[0m[0m [95m3[0m-[95m10[0m [93m01[0m
        ...221...TTCCAAGAACACGCTGTATCTGCAAATGAACAGCCTGAGAGCTGAGGACACGGCTGTGTATTACTGTGCGAAAGA                           ...TGCTTTTGATATCTGGGGCCAAGGG......................     [1m[91mv[0m[0m [95m3[0m-[95mnl1[0m [93m01[0m,  [1m[91mj[0m[0m [95m3[0m [93m02[0m
                 TTC[91mG[0mAAGAACACG[91mT[0mT[91mC[0mTATCTGCAAATGAACAGCCTGA[91mA[0mAG[91mT[0mTGAGGACACGGCTGTGTATTAC[7mT[m[7mG[m[7mT[mGCGAAAGAGACCG[91mA[0mGGTATTAC[91mC[0mATGG[91mG[0m[91mG[0mCGGGCCGCCTGCTT[91mC[0mTGATATC[7mT[m[7mG[m[7mG[mGGCCAAGGG                         muted: 0.08   cdr3: 57
                 TTCCAAGAACAC[91mA[0mCTGTATCTGCAAATGAACAGCCTGAGA[91mA[0mCTGAGGACACGGCTGT[91mC[0mTATTAC[7mT[m[7mG[m[7mT[mGCGAAAGAGACCGGGGTATTACTATGG[91mG[0m[91mG[0mCG[91mC[0mGCCGCCTGCTTTTGATATC[7mT[m[7mG[m[7mG[mGGCCAAGGG                         muted: 0.05   cdr3: 57
    inferred:                                                                               GACCGAG            GGCGGGCCGCC                                                  inserts
                                                                                                   GTATTACTATGG...................                                            [1m[91md[0m[0m [95m3[0m-[95m10[0m [93m01[0m
        ...221...TTCCAAGAACACGCTGTATCTGCAAATGAACAGCCTGAGAGCTGAGGACACGGCTGTGTATTACTGTGCGAAAGA                           ...TGCTTTTGATATCTGGGGCCAAGGG......................     [1m[91mv[0m[0m [95m3[0m-[95mnl1[0m [93m01[0m,  [1m[91mj[0m[0m [95m3[0m [93m02[0m
                 TTC[91mG[0mAAGAACACG[91mT[0mT[91mC[0mTATCTGCAAATGAACAGCCTGA[91mA[0mAG[91mT[0mTGAGGACACGGCTGTGTATTAC[7mT[m[7mG[m[7mT[mGCGAAAGAGACCGAGGTATTAC[91mC[0mATGGGGCGGGCCGCCTGCTT[91mC[0mTGATATC[7mT[m[7mG[m[7mG[mGGCCAAGGG                         muted: 0.05  score: -101.281   cdr3: 57
                 TTCCAAGAACAC[91mA[0mCTGTATCTGCAAATGAACAGCCTGAGA[91mA[0mCTGAGGACACGGCTGT[91mC[0mTATTAC[7mT[m[7mG[m[7mT[mGCGAAAGAGACCG[91mG[0mGGTATTACTATGGGGCG[91mC[0mGCCGCCTGCTTTTGATATC[7mT[m[7mG[m[7mG[mGGCCAAGGG                         muted: 0.04  score: -101.281   cdr3: 57
                                                                                            GACCGAG           GGGCGGGCCGCC                                                  inserts
                                                                                                   GTATTACTATG....................                                            [1m[91md[0m[0m [95m3[0m-[95m10[0m [93m01[0m
        ...221...TTCCAAGAACACGCTGTATCTGCAAATGAACAGCCTGAGAGCTGAGGACACGGCTGTGTATTACTGTGCGAAAGA                           ...TGCTTTTGATATCTGGGGCCAAGGG......................     [1m[91mv[0m[0m [95m3[0m-[95mnl1[0m [93m01[0m,  [1m[91mj[0m[0m [95m3[0m [93m02[0m
                 TTC[91mG[0mAAGAACACG[91mT[0mT[91mC[0mTATCTGCAAATGAACAGCCTGA[91mA[0mAG[91mT[0mTGAGGACACGGCTGTGTATTAC[7mT[m[7mG[m[7mT[mGCGAAAGAGACCGAGGTATTAC[91mC[0mATGGGGCGGGCCGCCTGCTT[91mC[0mTGATATC[7mT[m[7mG[m[7mG[mGGCCAAGGG                         muted: 0.05  score: -101.913   cdr3: 57
                 TTCCAAGAACAC[91mA[0mCTGTATCTGCAAATGAACAGCCTGAGA[91mA[0mCTGAGGACACGGCTGT[91mC[0mTATTAC[7mT[m[7mG[m[7mT[mGCGAAAGAGACCG[91mG[0mGGTATTACTATGGGGCG[91mC[0mGCCGCCTGCTTTTGATATC[7mT[m[7mG[m[7mG[mGGCCAAGGG                         muted: 0.04  score: -101.913   cdr3: 57
                                                                                            GACCGAG          GGGGCGGGCCGCC                                                  inserts
                                                                                                   GTATTACTAT.....................                                            [1m[91md[0m[0m [95m3[0m-[95m10[0m [93m01[0m
        ...221...TTCCAAGAACACGCTGTATCTGCAAATGAACAGCCTGAGAGCTGAGGACACGGCTGTGTATTACTGTGCGAAAGA                           ...TGCTTTTGATATCTGGGGCCAAGGG......................     [1m[91mv[0m[0m [95m3[0m-[95mnl1[0m [93m01[0m,  [1m[91mj[0m[0m [95m3[0m [93m02[0m
                 TTC[91mG[0mAAGAACACG[91mT[0mT[91mC[0mTATCTGCAAATGAACAGCCTGA[91mA[0mAG[91mT[0mTGAGGACACGGCTGTGTATTAC[7mT[m[7mG[m[7mT[mGCGAAAGAGACCGAGGTATTAC[91mC[0mATGGGGCGGGCCGCCTGCTT[91mC[0mTGATATC[7mT[m[7mG[m[7mG[mGGCCAAGGG                         muted: 0.05  score: -102.568   cdr3: 57
                 TTCCAAGAACAC[91mA[0mCTGTATCTGCAAATGAACAGCCTGAGA[91mA[0mCTGAGGACACGGCTGT[91mC[0mTATTAC[7mT[m[7mG[m[7mT[mGCGAAAGAGACCG[91mG[0mGGTATTACTATGGGGCG[91mC[0mGCCGCCTGCTTTTGATATC[7mT[m[7mG[m[7mG[mGGCCAAGGG                         muted: 0.04  score: -102.568   cdr3: 57
 -924595610905834474 -8652720158176972403    1
    true:                                                                                   GACCGGG                 GCCGCC                                                  inserts
                                                                                                   GTATTACTATGGTTCGG..............                                            [1m[91md[0m[0m [95m3[0m-[95m10[0m [93m01[0m
        ...221...TTCCAAGAACACGCTGTATCTGCAAATGAACAGCCTGAGAGCTGAGGACACGGCTGTGTATTACTGTGCGAAAGA                           ...TGCTTTTGATATCTGGGGCCAAGGG......................     [1m[91mv[0m[0m [95m3[0m-[95mnl1[0m [93m01[0m,  [1m[91mj[0m[0m [95m3[0m [93m02[0m
                 TTC[91mG[0mA[91mC[0mGAACAC[91mA[0mCTGTATCTGCAAATGAACAGCCTGAGA[91mA[0mCTGAGGACACGG[91mT[0mTGTGTATTAC[7mT[m[7mG[m[7mT[mGCGAAAGAGACCGGGGTATTACTATGG[91mG[0m[91mG[0mCG[91mC[0mGCCGCC[91mC[0mGCTTTTGATATC[7mT[m[7mG[m[7mG[mGGCCAAGGG                         muted: 0.07   cdr3: 57
                 TTCCAAGAACAC[91mA[0mCTGTATCTGCAAATGAACAGCCTGAGA[91mA[0mCTGAGGACACGGCTGT[91mC[0mTATTAC[7mT[m[7mG[m[7mT[mGCGAAAGAGACCGGGGTATTACTATGG[91mG[0m[91mG[0mCG[91mC[0mGCCGCCTGCTTTTGATATC[7mT[m[7mG[m[7mG[mGGCCAAGGG                         muted: 0.05   cdr3: 57
    inferred:                                                                               GACCGGG            GGCGCGCCGCC                                                  inserts
                                                                                                   GTATTACTATGG...................                                            [1m[91md[0m[0m [95m3[0m-[95m10[0m [93m01[0m
        ...221...TTCCAAGAACACGCTGTATCTGCAAATGAACAGCCTGAGAGCTGAGGACACGGCTGTGTATTACTGTGCGAAAGA                           ...TGCTTTTGATATCTGGGGCCAAGGG......................     [1m[91mv[0m[0m [95m3[0m-[95mnl1[0m [93m01[0m,  [1m[91mj[0m[0m [95m3[0m [93m02[0m
                 TTC[91mG[0mA[91mC[0mGAACAC[91mA[0mCTGTATCTGCAAATGAACAGCCTGAGA[91mA[0mCTGAGGACACGG[91mT[0mTGTGTATTAC[7mT[m[7mG[m[7mT[mGCGAAAGAGACCGGGGTATTACTATGGGGCGCGCCGCC[91mC[0mGCTTTTGATATC[7mT[m[7mG[m[7mG[mGGCCAAGGG                         muted: 0.05  score: -90.6053   cdr3: 57
                 TTCCAAGAACAC[91mA[0mCTGTATCTGCAAATGAACAGCCTGAGA[91mA[0mCTGAGGACACGGCTGT[91mC[0mTATTAC[7mT[m[7mG[m[7mT[mGCGAAAGAGACCGGGGTATTACTATGGGGCGCGCCGCCTGCTTTTGATATC[7mT[m[7mG[m[7mG[mGGCCAAGGG                         muted: 0.02  score: -90.6053   cdr3: 57
                                                                                            GACCGGG           GGGCGCGCCGCC                                                  inserts
                                                                                                   GTATTACTATG....................                                            [1m[91md[0m[0m [95m3[0m-[95m10[0m [93m01[0m
        ...221...TTCCAAGAACACGCTGTATCTGCAAATGAACAGCCTGAGAGCTGAGGACACGGCTGTGTATTACTGTGCGAAAGA                           ...TGCTTTTGATATCTGGGGCCAAGGG......................     [1m[91mv[0m[0m [95m3[0m-[95mnl1[0m [93m01[0m,  [1m[91mj[0m[0m [95m3[0m [93m02[0m
                 TTC[91mG[0mA[91mC[0mGAACAC[91mA[0mCTGTATCTGCAAATGAACAGCCTGAGA[91mA[0mCTGAGGACACGG[91mT[0mTGTGTATTAC[7mT[m[7mG[m[7mT[mGCGAAAGAGACCGGGGTATTACTATGGGGCGCGCCGCC[91mC[0mGCTTTTGATATC[7mT[m[7mG[m[7mG[mGGCCAAGGG                         muted: 0.05  score: -91.2371   cdr3: 57
                 TTCCAAGAACAC[91mA[0mCTGTATCTGCAAATGAACAGCCTGAGA[91mA[0mCTGAGGACACGGCTGT[91mC[0mTATTAC[7mT[m[7mG[m[7mT[mGCGAAAGAGACCGGGGTATTACTATGGGGCGCGCCGCCTGCTTTTGATATC[7mT[m[7mG[m[7mG[mGGCCAAGGG                         muted: 0.02  score: -91.2371   cdr3: 57
                                                                                            GACCGGG          GGGGCGCGCCGCC                                                  inserts
                                                                                                   GTATTACTAT.....................                                            [1m[91md[0m[0m [95m3[0m-[95m10[0m [93m01[0m
        ...221...TTCCAAGAACACGCTGTATCTGCAAATGAACAGCCTGAGAGCTGAGGACACGGCTGTGTATTACTGTGCGAAAGA                           ...TGCTTTTGATATCTGGGGCCAAGGG......................     [1m[91mv[0m[0m [95m3[0m-[95mnl1[0m [93m01[0m,  [1m[91mj[0m[0m [95m3[0m [93m02[0m
                 TTC[91mG[0mA[91mC[0mGAACAC[91mA[0mCTGTATCTGCAAATGAACAGCCTGAGA[91mA[0mCTGAGGACACGG[91mT[0mTGTGTATTAC[7mT[m[7mG[m[7mT[mGCGAAAGAGACCGGGGTATTACTATGGGGCGCGCCGCC[91mC[0mGCTTTTGATATC[7mT[m[7mG[m[7mG[mGGCCAAGGG                         muted: 0.05  score: -91.892   cdr3: 57
                 TTCCAAGAACAC[91mA[0mCTGTATCTGCAAATGAACAGCCTGAGA[91mA[0mCTGAGGACACGGCTGT[91mC[0mTATTAC[7mT[m[7mG[m[7mT[mGCGAAAGAGACCGGGGTATTACTATGGGGCGCGCCGCCTGCTTTTGATATC[7mT[m[7mG[m[7mG[mGGCCAAGGG                         muted: 0.02  score: -91.892   cdr3: 57
  processed 3 queries
